station_cd,leader
1,1
3,1
4,1
1130101,1
5,1
6,6
7,6
