{"lines":[{"line_code":1,"line_name":"中央新幹線"},{"line_code":2,"line_name":"東海道新幹線"},{"line_code":3,"line_name":"山陽新幹線"},{"line_code":4,"line_name":"東北新幹線"}]}
