{"stations":[{"address":"北海道函館市若松町１２-１３","lat":41.773709,"line_code":11101,"lon":140.726413,"post":"040-0063","prefecture":"北海道","station_code":1,"station_group_code":1130101,"station_name":"A"},{"address":"北海道函館市若松町１２-１３","lat":41.773709,"line_code":11101,"lon":140.726413,"post":"040-0063","prefecture":"北海道","station_code":1130101,"station_group_code":1130101,"station_name":"B"},{"address":"北海道函館市若松町１２-１３","lat":41.803557,"line_code":11101,"lon":140.733539,"post":"040-0063","prefecture":"北海道","station_code":3,"station_group_code":3,"station_name":"C"},{"address":"北海道函館市若松町１２-１３","lat":41.846457,"line_code":11101,"lon":140.722952,"post":"040-0063","prefecture":"北海道","station_code":4,"station_group_code":4,"station_name":"D"},{"address":"北海道函館市若松町１２-１３","lat":41.86464,"line_code":11101,"lon":140.71358,"post":"040-0063","prefecture":"北海道","station_code":5,"station_group_code":5,"station_name":"E"},{"address":"北海道函館市若松町１２-１３","lat":41.886971,"line_code":11101,"lon":140.688556,"post":"040-0063","prefecture":"北海道","station_code":6,"station_group_code":9992701,"station_name":"F"},{"address":"北海道函館市若松町１２-１３","lat":41.9054,"line_code":11101,"lon":140.646525,"post":"040-0063","prefecture":"北海道","station_code":7,"station_group_code":7,"station_name":"G"}]}
