{"tour":[{"station_code":1},{"station_code":1130101},{"station_code":1},{"station_code":3},{"station_code":4},{"station_code":3},{"station_code":1},{"station_code":1130101},{"station_code":5},{"station_code":1130101}]}
